[freegiftcodegenerator.com/index.html]
[backblue.gif]
[fade.gif]
[index.html]
[freegiftcodegenerator.com/img/generate-gift-card.ico]
[freegiftcodegenerator.com/assets/img/generate-gift-card.jpg]
[freegiftcodegenerator.com/index-2.html]
[freegiftcodegenerator.com/steam-wallet.html]
[freegiftcodegenerator.com/img/steam-wallet.webp]
[freegiftcodegenerator.com/amazon.html]
[freegiftcodegenerator.com/img/amazon.webp]
[freegiftcodegenerator.com/itunes.html]
[freegiftcodegenerator.com/img/itunes.webp]
[freegiftcodegenerator.com/xbox.html]
[freegiftcodegenerator.com/img/xbox.webp]
[freegiftcodegenerator.com/ebay.html]
[freegiftcodegenerator.com/img/ebay.webp]
[freegiftcodegenerator.com/imvu.html]
[freegiftcodegenerator.com/img/imvu.webp]
[freegiftcodegenerator.com/google-play.html]
[freegiftcodegenerator.com/img/google-play.webp]
[freegiftcodegenerator.com/img/playstation.webp]
[freegiftcodegenerator.com/spotify.html]
[freegiftcodegenerator.com/img/spotify.webp]
[freegiftcodegenerator.com/gamestop.html]
[freegiftcodegenerator.com/img/gamestop.webp]
[freegiftcodegenerator.com/nintendo-eshop.html]
[freegiftcodegenerator.com/img/nintendo-eshop.webp]
[freegiftcodegenerator.com/roblox.html]
[freegiftcodegenerator.com/img/roblox.webp]
[freegiftcodegenerator.com/paypal.html]
[freegiftcodegenerator.com/img/paypal.webp]
[freegiftcodegenerator.com/facebook.html]
[freegiftcodegenerator.com/img/facebook.webp]
[freegiftcodegenerator.com/walmart.html]
[freegiftcodegenerator.com/img/walmart.webp]
[freegiftcodegenerator.com/webkinz.html]
[freegiftcodegenerator.com/img/webkinz.webp]
[freegiftcodegenerator.com/fortnite.html]
[freegiftcodegenerator.com/img/fortnite.webp]
[freegiftcodegenerator.com/netflix.html]
[freegiftcodegenerator.com/img/netflix.webp]
[freegiftcodegenerator.com/rixty.html]
[freegiftcodegenerator.com/img/rixty.webp]
[freegiftcodegenerator.com/img/amazon_bg.png]
[freegiftcodegenerator.com/faq.html]
[freegiftcodegenerator.com/tos.html]
[freegiftcodegenerator.com/contact.html]
[ajax.googleapis.com/ajax/libs/jquery/3.5.1/jquery.min.js]
[freegiftcodegenerator.com/js/jquery.magnific-popup.min.js]
[freegiftcodegenerator.com/js/ion.sound.min.js]
[freegiftcodegenerator.com/js/jquery.countTo.js]
[freegiftcodegenerator.com/js/main.js]
[s7.addthis.com/js/300/addthis_widget.js]
[freegiftcodegenerator.com/index.html]
[freegiftcodegenerator.com/css/style5b3d.css]
[freegiftcodegenerator.com/css/bootstrap.min.css]
[freegiftcodegenerator.com/css/animate.css]
[freegiftcodegenerator.com/css/magnific-popup.css]
[freegiftcodegenerator.com/index-2.html]
[freegiftcodegenerator.com/img/steam-wallet_bg.png]
[freegiftcodegenerator.com/steam-wallet.html]
[freegiftcodegenerator.com/amazon.html]
[freegiftcodegenerator.com/img/itunes_bg.png]
[freegiftcodegenerator.com/itunes.html]
[freegiftcodegenerator.com/img/xbox_bg.png]
[freegiftcodegenerator.com/xbox.html]
[freegiftcodegenerator.com/img/ebay_bg.png]
[freegiftcodegenerator.com/ebay.html]
[freegiftcodegenerator.com/img/imvu_bg.png]
[freegiftcodegenerator.com/imvu.html]
[freegiftcodegenerator.com/img/google-play_bg.png]
[freegiftcodegenerator.com/google-play.html]
[freegiftcodegenerator.com/img/spotify_bg.png]
[freegiftcodegenerator.com/spotify.html]
[freegiftcodegenerator.com/img/gamestop_bg.png]
[freegiftcodegenerator.com/gamestop.html]
[freegiftcodegenerator.com/img/nintendo-eshop_bg.png]
[freegiftcodegenerator.com/nintendo-eshop.html]
[freegiftcodegenerator.com/img/roblox_bg.png]
[freegiftcodegenerator.com/roblox.html]
[freegiftcodegenerator.com/img/paypal_bg.png]
[freegiftcodegenerator.com/paypal.html]
[freegiftcodegenerator.com/img/facebook_bg.png]
[freegiftcodegenerator.com/facebook.html]
[freegiftcodegenerator.com/img/walmart_bg.png]
[freegiftcodegenerator.com/walmart.html]
[freegiftcodegenerator.com/img/webkinz_bg.png]
[freegiftcodegenerator.com/webkinz.html]
[freegiftcodegenerator.com/img/fortnite_bg.png]
[freegiftcodegenerator.com/fortnite.html]
[freegiftcodegenerator.com/img/netflix_bg.png]
[freegiftcodegenerator.com/netflix.html]
[freegiftcodegenerator.com/img/rixty_bg.png]
[freegiftcodegenerator.com/rixty.html]
[freegiftcodegenerator.com/faq.html]
[freegiftcodegenerator.com/tos.html]
[freegiftcodegenerator.com/contact.html]
[freegiftcodegenerator.com/css/styleee26.css]
[freegiftcodegenerator.com/css/style4fad.css]
[freegiftcodegenerator.com/css/style20ed.css]
[freegiftcodegenerator.com/css/styleeda9.css]
[freegiftcodegenerator.com/css/styled5ca.css]
[freegiftcodegenerator.com/css/styledfb3.css]
[freegiftcodegenerator.com/css/styled48e.css]
[freegiftcodegenerator.com/css/style3fb7.css]
[freegiftcodegenerator.com/css/stylef146.css]
[freegiftcodegenerator.com/css/styleac04.css]
[freegiftcodegenerator.com/css/style5a36.css]
[freegiftcodegenerator.com/css/style85df.css]
[freegiftcodegenerator.com/css/styled094.css]
[freegiftcodegenerator.com/css/style3830.css]
[freegiftcodegenerator.com/css/styled084.css]
[freegiftcodegenerator.com/css/stylee0f0.css]
